[DATA_POINT]
1="HTTP_500"
2="HTTP_502"
3="HTTP_200"
4="tcp_connection_count"
5="tcp_connect"
6="tcp_shutdown"
7="mic_recv"
[END_TRANSACTION]
26="Action_Transaction"
27="vuser_end_Transaction"
10="http://localhost:8080/DBed/imageShow?imageId=20"
11="http://localhost:8080/DBed/imageShow?imageId=42"
12="http://localhost:8080/DBed/imageShow?imageId=41"
13="http://localhost:8080/DBed/imageShow?imageId=47"
14="http://localhost:8080/DBed/imageShow?imageId=43"
15="http://localhost:8080/DBed/imageShow?imageId=40"
16="https://cdn.jsdelivr.net/npm/vue/dist/vue.js"
17="index.html_Action_6"
18="image_Action_26"
19="image_Action_38"
1="vuser_init_Transaction"
2="http://localhost:8080/DBed/index.html"
3="http://localhost:8080/DBed/assets/js/pinto.min.js"
4="http://localhost:8080/DBed/assets/js/img.js"
5="http://localhost:8080/DBed/assets/css/app.css"
6="http://localhost:8080/DBed/assets/js/jquery.min.js"
20="image_Action_50"
7="http://localhost:8080/DBed/assets/css/amazeui.min.css"
21="image_Action_62"
8="http://localhost:8080/DBed/assets/js/amazeui.min.js"
22="image_Action_74"
9="http://localhost:8080/DBed/image"
23="image_Action_86"
24="image_Action_98"
25="up_transaction"
