[DATA_POINT]
1="HTTP_200"
2="tcp_connection_count"
3="tcp_connect"
4="tcp_shutdown"
5="mic_recv"
[END_TRANSACTION]
10="http://localhost:8080/DBed/imageShow?imageId=22"
11="http://localhost:8080/DBed/imageShow?imageId=19"
12="http://localhost:8080/DBed/imageShow?imageId=20"
13="http://localhost:8080/DBed/imageShow?imageId=21"
14="http://localhost:8080/DBed/imageShow?imageId=28"
15="https://cdn.jsdelivr.net/npm/vue/dist/vue.js"
16="index.html_Action_6"
17="image_Action_25"
18="http://update.googleapis.com/service/update2/json?cup2key=10:392256654&cup2hreq=ffd96a32615ef542970eea7c90a40d9596193518b61e016e9f0d13c6b24ad879"
19="json_Action_37"
1="vuser_init_Transaction"
2="http://localhost:8080/DBed/index.html"
3="http://localhost:8080/DBed/assets/js/pinto.min.js"
4="http://localhost:8080/DBed/assets/js/img.js"
5="http://localhost:8080/DBed/assets/css/app.css"
6="http://localhost:8080/DBed/assets/js/jquery.min.js"
20="uploat_transaction"
7="http://localhost:8080/DBed/assets/js/amazeui.min.js"
21="Action_Transaction"
8="http://localhost:8080/DBed/assets/css/amazeui.min.css"
22="vuser_end_Transaction"
9="http://localhost:8080/DBed/image"
