[DATA_POINT]
1="tcp_connect"
2="tcp_connection_count"
3="mic_recv"
4="HTTP_200"
5="tcp_shutdown"
[END_TRANSACTION]
10="http://localhost:8080/DBed/assets/js/jquery.min.js"
11="http://localhost:8080/DBed/imageShow?imageId=20"
12="https://cdn.jsdelivr.net/npm/vue/dist/vue.js"
13="index.html_Action_6"
14="http://update.googleapis.com/service/update2/json?cup2key=10:537378060&cup2hreq=381e64ab53edd83ec80fc82c78240bf0a58f60018a6bdc0a3ade8aa214d423ff"
15="json_Action_21"
16="image_Action_56"
17="upload_transaction"
18="Action_Transaction"
19="http://localhost:8080/DBed/imageShow?imageId=26"
1="vuser_init_Transaction"
2="http://localhost:8080/DBed/index.html"
3="http://localhost:8080/DBed/assets/js/pinto.min.js"
4="http://localhost:8080/DBed/assets/css/app.css"
5="http://localhost:8080/DBed/assets/css/amazeui.min.css"
6="http://localhost:8080/DBed/assets/js/amazeui.min.js"
20="http://localhost:8080/DBed/imageShow?imageId=22"
7="http://localhost:8080/DBed/assets/js/img.js"
21="http://localhost:8080/DBed/imageShow?imageId=21"
8="http://localhost:8080/DBed/imageShow?imageId=19"
22="vuser_end_Transaction"
9="http://localhost:8080/DBed/image"
