[DATA_POINT]
1="HTTP_500"
2="HTTP_302"
3="HTTP_200"
4="tcp_connection_count"
5="tcp_connect"
6="tcp_shutdown"
7="mic_recv"
[END_TRANSACTION]
26="Action_Transaction"
27="vuser_end_Transaction"
10="http://localhost:8080/DBed/imageShow?imageId=22"
11="http://localhost:8080/DBed/imageShow?imageId=28"
12="http://localhost:8080/DBed/imageShow?imageId=29"
13="http://localhost:8080/DBed/imageShow?imageId=30"
14="http://localhost:8080/DBed/imageShow?imageId=34"
15="http://localhost:8080/DBed/imageShow?imageId=35"
16="http://localhost:8080/DBed/imageShow?imageId=32"
17="http://localhost:8080/DBed/assets/js/jquery.min.js"
18="http://localhost:8080/DBed/assets/js/amazeui.min.js"
19="https://cdn.jsdelivr.net/npm/vue/dist/vue.js"
1="vuser_init_Transaction"
2="http://localhost:8080/DBed/index.html"
3="http://localhost:8080/DBed/assets/js/pinto.min.js"
4="http://localhost:8080/DBed/assets/css/app.css"
5="http://localhost:8080/DBed/assets/js/img.js"
6="http://localhost:8080/DBed/image"
20="index.html_Action_6"
7="http://localhost:8080/DBed/assets/css/amazeui.min.css"
21="http://int.dpool.sina.com.cn/iplookup/iplookup.php?format=json&_=1625099694804"
8="http://localhost:8080/DBed/imageShow?imageId=19"
22="http://202.200.207.3/"
9="http://localhost:8080/DBed/imageShow?imageId=20"
23="iplookup.php_Action_25"
24="image_Action_38"
25="upload_transaction"
