[DATA_POINT]
1="tcp_connect"
2="tcp_connection_count"
3="mic_recv"
4="HTTP_200"
5="tcp_shutdown"
6="ssl_session_new"
7="RETRY_KEEP_ALIVE"
[END_TRANSACTION]
10="https://c.urs.microsoft.com/l1.dat?v=3&cv=9.11.19041.0&os=10.0.19042.0.0&pg=4A72F430-B40C-4D36-A068-CE33ADA5ADF9"
11="WebTours_Action_20"
12="http://127.0.0.1:1080/cgi-bin/login.pl"
13="http://127.0.0.1:1080/cgi-bin/login.pl?intro=true"
14="http://127.0.0.1:1080/WebTours/images/flights.gif"
15="http://127.0.0.1:1080/cgi-bin/nav.pl?page=menu&in=home"
16="http://127.0.0.1:1080/WebTours/images/in_home.gif"
17="http://127.0.0.1:1080/WebTours/images/signoff.gif"
18="http://127.0.0.1:1080/WebTours/images/itinerary.gif"
19="login.pl_Action_39"
1="vuser_init_Transaction"
2="http://127.0.0.1:1080/WebTours/"
3="http://127.0.0.1:1080/WebTours/header.html"
4="http://127.0.0.1:1080/WebTours/images/hp_logo.png"
5="http://127.0.0.1:1080/WebTours/images/webtours.png"
6="http://127.0.0.1:1080/cgi-bin/welcome.pl?signOff=true"
20="login"
7="http://127.0.0.1:1080/WebTours/home.html"
21="Action_Transaction"
8="http://127.0.0.1:1080/cgi-bin/nav.pl?in=home"
22="vuser_end_Transaction"
9="http://127.0.0.1:1080/WebTours/images/mer_login.gif"
